// Jest Snapshot v1, https://goo.gl/fbAQLP

exports[`Order history table row component Renders as expected when no data present 1`] = `
initialize {
  "0": Node {
    "attribs": Object {
      "class": "class",
      "id": "",
    },
    "children": Array [
      Node {
        "attribs": Object {
          "class": "xyz",
        },
        "children": Array [
          Node {
            "data": "<h1>heading</h1>",
            "next": null,
            "parent": [Circular],
            "prev": null,
            "type": "text",
          },
        ],
        "name": "div",
        "namespace": "http://www.w3.org/1999/xhtml",
        "next": Node {
          "data": "alert",
          "next": Node {
            "attribs": Object {
              "class": "class",
            },
            "children": Array [
              Node {
                "attribs": Object {
                  "class": "class",
                },
                "children": Array [
                  Node {
                    "attribs": Object {},
                    "children": Array [
                      Node {
                        "attribs": Object {},
                        "children": Array [
                          Node {
                            "attribs": Object {
                              "class": "class",
                            },
                            "children": Array [
                              Node {
                                "data": "store2012660-RECEIPT-ID01/01/197033000641E90GLDEN",
                                "next": null,
                                "parent": [Circular],
                                "prev": null,
                                "type": "text",
                              },
                            ],
                            "name": "div",
                            "namespace": "http://www.w3.org/1999/xhtml",
                            "next": null,
                            "parent": [Circular],
                            "prev": null,
                            "type": "tag",
                            "x-attribsNamespace": Object {
                              "class": undefined,
                            },
                            "x-attribsPrefix": Object {
                              "class": undefined,
                            },
                          },
                        ],
                        "name": "div",
                        "namespace": "http://www.w3.org/1999/xhtml",
                        "next": null,
                        "parent": [Circular],
                        "prev": null,
                        "type": "tag",
                        "x-attribsNamespace": Object {},
                        "x-attribsPrefix": Object {},
                      },
                    ],
                    "name": "div",
                    "namespace": "http://www.w3.org/1999/xhtml",
                    "next": Node {
                      "attribs": Object {
                        "class": "class",
                      },
                      "children": Array [
                        Node {
                          "attribs": Object {
                            "class": "class",
                          },
                          "children": Array [],
                          "name": "div",
                          "namespace": "http://www.w3.org/1999/xhtml",
                          "next": null,
                          "parent": [Circular],
                          "prev": null,
                          "type": "tag",
                          "x-attribsNamespace": Object {
                            "class": undefined,
                          },
                          "x-attribsPrefix": Object {
                            "class": undefined,
                          },
                        },
                      ],
                      "name": "div",
                      "namespace": "http://www.w3.org/1999/xhtml",
                      "next": Node {
                        "attribs": Object {},
                        "children": Array [],
                        "name": "div",
                        "namespace": "http://www.w3.org/1999/xhtml",
                        "next": null,
                        "parent": [Circular],
                        "prev": [Circular],
                        "type": "tag",
                        "x-attribsNamespace": Object {},
                        "x-attribsPrefix": Object {},
                      },
                      "parent": [Circular],
                      "prev": [Circular],
                      "type": "tag",
                      "x-attribsNamespace": Object {
                        "class": undefined,
                      },
                      "x-attribsPrefix": Object {
                        "class": undefined,
                      },
                    },
                    "parent": [Circular],
                    "prev": null,
                    "type": "tag",
                    "x-attribsNamespace": Object {},
                    "x-attribsPrefix": Object {},
                  },
                  Node {
                    "attribs": Object {
                      "class": "class",
                    },
                    "children": Array [
                      Node {
                        "attribs": Object {
                          "class": "class",
                        },
                        "children": Array [],
                        "name": "div",
                        "namespace": "http://www.w3.org/1999/xhtml",
                        "next": null,
                        "parent": [Circular],
                        "prev": null,
                        "type": "tag",
                        "x-attribsNamespace": Object {
                          "class": undefined,
                        },
                        "x-attribsPrefix": Object {
                          "class": undefined,
                        },
                      },
                    ],
                    "name": "div",
                    "namespace": "http://www.w3.org/1999/xhtml",
                    "next": Node {
                      "attribs": Object {},
                      "children": Array [],
                      "name": "div",
                      "namespace": "http://www.w3.org/1999/xhtml",
                      "next": null,
                      "parent": [Circular],
                      "prev": [Circular],
                      "type": "tag",
                      "x-attribsNamespace": Object {},
                      "x-attribsPrefix": Object {},
                    },
                    "parent": [Circular],
                    "prev": Node {
                      "attribs": Object {},
                      "children": Array [
                        Node {
                          "attribs": Object {},
                          "children": Array [
                            Node {
                              "attribs": Object {
                                "class": "class",
                              },
                              "children": Array [
                                Node {
                                  "data": "store2012660-RECEIPT-ID01/01/197033000641E90GLDEN",
                                  "next": null,
                                  "parent": [Circular],
                                  "prev": null,
                                  "type": "text",
                                },
                              ],
                              "name": "div",
                              "namespace": "http://www.w3.org/1999/xhtml",
                              "next": null,
                              "parent": [Circular],
                              "prev": null,
                              "type": "tag",
                              "x-attribsNamespace": Object {
                                "class": undefined,
                              },
                              "x-attribsPrefix": Object {
                                "class": undefined,
                              },
                            },
                          ],
                          "name": "div",
                          "namespace": "http://www.w3.org/1999/xhtml",
                          "next": null,
                          "parent": [Circular],
                          "prev": null,
                          "type": "tag",
                          "x-attribsNamespace": Object {},
                          "x-attribsPrefix": Object {},
                        },
                      ],
                      "name": "div",
                      "namespace": "http://www.w3.org/1999/xhtml",
                      "next": [Circular],
                      "parent": [Circular],
                      "prev": null,
                      "type": "tag",
                      "x-attribsNamespace": Object {},
                      "x-attribsPrefix": Object {},
                    },
                    "type": "tag",
                    "x-attribsNamespace": Object {
                      "class": undefined,
                    },
                    "x-attribsPrefix": Object {
                      "class": undefined,
                    },
                  },
                  Node {
                    "attribs": Object {},
                    "children": Array [],
                    "name": "div",
                    "namespace": "http://www.w3.org/1999/xhtml",
                    "next": null,
                    "parent": [Circular],
                    "prev": Node {
                      "attribs": Object {
                        "class": "class",
                      },
                      "children": Array [
                        Node {
                          "attribs": Object {
                            "class": "class",
                          },
                          "children": Array [],
                          "name": "div",
                          "namespace": "http://www.w3.org/1999/xhtml",
                          "next": null,
                          "parent": [Circular],
                          "prev": null,
                          "type": "tag",
                          "x-attribsNamespace": Object {
                            "class": undefined,
                          },
                          "x-attribsPrefix": Object {
                            "class": undefined,
                          },
                        },
                      ],
                      "name": "div",
                      "namespace": "http://www.w3.org/1999/xhtml",
                      "next": [Circular],
                      "parent": [Circular],
                      "prev": Node {
                        "attribs": Object {},
                        "children": Array [
                          Node {
                            "attribs": Object {},
                            "children": Array [
                              Node {
                                "attribs": Object {
                                  "class": "class",
                                },
                                "children": Array [
                                  Node {
                                    "data": "store2012660-RECEIPT-ID01/01/197033000641E90GLDEN",
                                    "next": null,
                                    "parent": [Circular],
                                    "prev": null,
                                    "type": "text",
                                  },
                                ],
                                "name": "div",
                                "namespace": "http://www.w3.org/1999/xhtml",
                                "next": null,
                                "parent": [Circular],
                                "prev": null,
                                "type": "tag",
                                "x-attribsNamespace": Object {
                                  "class": undefined,
                                },
                                "x-attribsPrefix": Object {
                                  "class": undefined,
                                },
                              },
                            ],
                            "name": "div",
                            "namespace": "http://www.w3.org/1999/xhtml",
                            "next": null,
                            "parent": [Circular],
                            "prev": null,
                            "type": "tag",
                            "x-attribsNamespace": Object {},
                            "x-attribsPrefix": Object {},
                          },
                        ],
                        "name": "div",
                        "namespace": "http://www.w3.org/1999/xhtml",
                        "next": [Circular],
                        "parent": [Circular],
                        "prev": null,
                        "type": "tag",
                        "x-attribsNamespace": Object {},
                        "x-attribsPrefix": Object {},
                      },
                      "type": "tag",
                      "x-attribsNamespace": Object {
                        "class": undefined,
                      },
                      "x-attribsPrefix": Object {
                        "class": undefined,
                      },
                    },
                    "type": "tag",
                    "x-attribsNamespace": Object {},
                    "x-attribsPrefix": Object {},
                  },
                ],
                "name": "div",
                "namespace": "http://www.w3.org/1999/xhtml",
                "next": null,
                "parent": [Circular],
                "prev": null,
                "type": "tag",
                "x-attribsNamespace": Object {
                  "class": undefined,
                },
                "x-attribsPrefix": Object {
                  "class": undefined,
                },
              },
            ],
            "name": "div",
            "namespace": "http://www.w3.org/1999/xhtml",
            "next": null,
            "parent": [Circular],
            "prev": [Circular],
            "type": "tag",
            "x-attribsNamespace": Object {
              "class": undefined,
            },
            "x-attribsPrefix": Object {
              "class": undefined,
            },
          },
          "parent": [Circular],
          "prev": [Circular],
          "type": "text",
        },
        "parent": [Circular],
        "prev": null,
        "type": "tag",
        "x-attribsNamespace": Object {
          "class": undefined,
        },
        "x-attribsPrefix": Object {
          "class": undefined,
        },
      },
      Node {
        "data": "alert",
        "next": Node {
          "attribs": Object {
            "class": "class",
          },
          "children": Array [
            Node {
              "attribs": Object {
                "class": "class",
              },
              "children": Array [
                Node {
                  "attribs": Object {},
                  "children": Array [
                    Node {
                      "attribs": Object {},
                      "children": Array [
                        Node {
                          "attribs": Object {
                            "class": "class",
                          },
                          "children": Array [
                            Node {
                              "data": "store2012660-RECEIPT-ID01/01/197033000641E90GLDEN",
                              "next": null,
                              "parent": [Circular],
                              "prev": null,
                              "type": "text",
                            },
                          ],
                          "name": "div",
                          "namespace": "http://www.w3.org/1999/xhtml",
                          "next": null,
                          "parent": [Circular],
                          "prev": null,
                          "type": "tag",
                          "x-attribsNamespace": Object {
                            "class": undefined,
                          },
                          "x-attribsPrefix": Object {
                            "class": undefined,
                          },
                        },
                      ],
                      "name": "div",
                      "namespace": "http://www.w3.org/1999/xhtml",
                      "next": null,
                      "parent": [Circular],
                      "prev": null,
                      "type": "tag",
                      "x-attribsNamespace": Object {},
                      "x-attribsPrefix": Object {},
                    },
                  ],
                  "name": "div",
                  "namespace": "http://www.w3.org/1999/xhtml",
                  "next": Node {
                    "attribs": Object {
                      "class": "class",
                    },
                    "children": Array [
                      Node {
                        "attribs": Object {
                          "class": "class",
                        },
                        "children": Array [],
                        "name": "div",
                        "namespace": "http://www.w3.org/1999/xhtml",
                        "next": null,
                        "parent": [Circular],
                        "prev": null,
                        "type": "tag",
                        "x-attribsNamespace": Object {
                          "class": undefined,
                        },
                        "x-attribsPrefix": Object {
                          "class": undefined,
                        },
                      },
                    ],
                    "name": "div",
                    "namespace": "http://www.w3.org/1999/xhtml",
                    "next": Node {
                      "attribs": Object {},
                      "children": Array [],
                      "name": "div",
                      "namespace": "http://www.w3.org/1999/xhtml",
                      "next": null,
                      "parent": [Circular],
                      "prev": [Circular],
                      "type": "tag",
                      "x-attribsNamespace": Object {},
                      "x-attribsPrefix": Object {},
                    },
                    "parent": [Circular],
                    "prev": [Circular],
                    "type": "tag",
                    "x-attribsNamespace": Object {
                      "class": undefined,
                    },
                    "x-attribsPrefix": Object {
                      "class": undefined,
                    },
                  },
                  "parent": [Circular],
                  "prev": null,
                  "type": "tag",
                  "x-attribsNamespace": Object {},
                  "x-attribsPrefix": Object {},
                },
                Node {
                  "attribs": Object {
                    "class": "class",
                  },
                  "children": Array [
                    Node {
                      "attribs": Object {
                        "class": "class",
                      },
                      "children": Array [],
                      "name": "div",
                      "namespace": "http://www.w3.org/1999/xhtml",
                      "next": null,
                      "parent": [Circular],
                      "prev": null,
                      "type": "tag",
                      "x-attribsNamespace": Object {
                        "class": undefined,
                      },
                      "x-attribsPrefix": Object {
                        "class": undefined,
                      },
                    },
                  ],
                  "name": "div",
                  "namespace": "http://www.w3.org/1999/xhtml",
                  "next": Node {
                    "attribs": Object {},
                    "children": Array [],
                    "name": "div",
                    "namespace": "http://www.w3.org/1999/xhtml",
                    "next": null,
                    "parent": [Circular],
                    "prev": [Circular],
                    "type": "tag",
                    "x-attribsNamespace": Object {},
                    "x-attribsPrefix": Object {},
                  },
                  "parent": [Circular],
                  "prev": Node {
                    "attribs": Object {},
                    "children": Array [
                      Node {
                        "attribs": Object {},
                        "children": Array [
                          Node {
                            "attribs": Object {
                              "class": "class",
                            },
                            "children": Array [
                              Node {
                                "data": "store2012660-RECEIPT-ID01/01/197033000641E90GLDEN",
                                "next": null,
                                "parent": [Circular],
                                "prev": null,
                                "type": "text",
                              },
                            ],
                            "name": "div",
                            "namespace": "http://www.w3.org/1999/xhtml",
                            "next": null,
                            "parent": [Circular],
                            "prev": null,
                            "type": "tag",
                            "x-attribsNamespace": Object {
                              "class": undefined,
                            },
                            "x-attribsPrefix": Object {
                              "class": undefined,
                            },
                          },
                        ],
                        "name": "div",
                        "namespace": "http://www.w3.org/1999/xhtml",
                        "next": null,
                        "parent": [Circular],
                        "prev": null,
                        "type": "tag",
                        "x-attribsNamespace": Object {},
                        "x-attribsPrefix": Object {},
                      },
                    ],
                    "name": "div",
                    "namespace": "http://www.w3.org/1999/xhtml",
                    "next": [Circular],
                    "parent": [Circular],
                    "prev": null,
                    "type": "tag",
                    "x-attribsNamespace": Object {},
                    "x-attribsPrefix": Object {},
                  },
                  "type": "tag",
                  "x-attribsNamespace": Object {
                    "class": undefined,
                  },
                  "x-attribsPrefix": Object {
                    "class": undefined,
                  },
                },
                Node {
                  "attribs": Object {},
                  "children": Array [],
                  "name": "div",
                  "namespace": "http://www.w3.org/1999/xhtml",
                  "next": null,
                  "parent": [Circular],
                  "prev": Node {
                    "attribs": Object {
                      "class": "class",
                    },
                    "children": Array [
                      Node {
                        "attribs": Object {
                          "class": "class",
                        },
                        "children": Array [],
                        "name": "div",
                        "namespace": "http://www.w3.org/1999/xhtml",
                        "next": null,
                        "parent": [Circular],
                        "prev": null,
                        "type": "tag",
                        "x-attribsNamespace": Object {
                          "class": undefined,
                        },
                        "x-attribsPrefix": Object {
                          "class": undefined,
                        },
                      },
                    ],
                    "name": "div",
                    "namespace": "http://www.w3.org/1999/xhtml",
                    "next": [Circular],
                    "parent": [Circular],
                    "prev": Node {
                      "attribs": Object {},
                      "children": Array [
                        Node {
                          "attribs": Object {},
                          "children": Array [
                            Node {
                              "attribs": Object {
                                "class": "class",
                              },
                              "children": Array [
                                Node {
                                  "data": "store2012660-RECEIPT-ID01/01/197033000641E90GLDEN",
                                  "next": null,
                                  "parent": [Circular],
                                  "prev": null,
                                  "type": "text",
                                },
                              ],
                              "name": "div",
                              "namespace": "http://www.w3.org/1999/xhtml",
                              "next": null,
                              "parent": [Circular],
                              "prev": null,
                              "type": "tag",
                              "x-attribsNamespace": Object {
                                "class": undefined,
                              },
                              "x-attribsPrefix": Object {
                                "class": undefined,
                              },
                            },
                          ],
                          "name": "div",
                          "namespace": "http://www.w3.org/1999/xhtml",
                          "next": null,
                          "parent": [Circular],
                          "prev": null,
                          "type": "tag",
                          "x-attribsNamespace": Object {},
                          "x-attribsPrefix": Object {},
                        },
                      ],
                      "name": "div",
                      "namespace": "http://www.w3.org/1999/xhtml",
                      "next": [Circular],
                      "parent": [Circular],
                      "prev": null,
                      "type": "tag",
                      "x-attribsNamespace": Object {},
                      "x-attribsPrefix": Object {},
                    },
                    "type": "tag",
                    "x-attribsNamespace": Object {
                      "class": undefined,
                    },
                    "x-attribsPrefix": Object {
                      "class": undefined,
                    },
                  },
                  "type": "tag",
                  "x-attribsNamespace": Object {},
                  "x-attribsPrefix": Object {},
                },
              ],
              "name": "div",
              "namespace": "http://www.w3.org/1999/xhtml",
              "next": null,
              "parent": [Circular],
              "prev": null,
              "type": "tag",
              "x-attribsNamespace": Object {
                "class": undefined,
              },
              "x-attribsPrefix": Object {
                "class": undefined,
              },
            },
          ],
          "name": "div",
          "namespace": "http://www.w3.org/1999/xhtml",
          "next": null,
          "parent": [Circular],
          "prev": [Circular],
          "type": "tag",
          "x-attribsNamespace": Object {
            "class": undefined,
          },
          "x-attribsPrefix": Object {
            "class": undefined,
          },
        },
        "parent": [Circular],
        "prev": Node {
          "attribs": Object {
            "class": "xyz",
          },
          "children": Array [
            Node {
              "data": "<h1>heading</h1>",
              "next": null,
              "parent": [Circular],
              "prev": null,
              "type": "text",
            },
          ],
          "name": "div",
          "namespace": "http://www.w3.org/1999/xhtml",
          "next": [Circular],
          "parent": [Circular],
          "prev": null,
          "type": "tag",
          "x-attribsNamespace": Object {
            "class": undefined,
          },
          "x-attribsPrefix": Object {
            "class": undefined,
          },
        },
        "type": "text",
      },
      Node {
        "attribs": Object {
          "class": "class",
        },
        "children": Array [
          Node {
            "attribs": Object {
              "class": "class",
            },
            "children": Array [
              Node {
                "attribs": Object {},
                "children": Array [
                  Node {
                    "attribs": Object {},
                    "children": Array [
                      Node {
                        "attribs": Object {
                          "class": "class",
                        },
                        "children": Array [
                          Node {
                            "data": "store2012660-RECEIPT-ID01/01/197033000641E90GLDEN",
                            "next": null,
                            "parent": [Circular],
                            "prev": null,
                            "type": "text",
                          },
                        ],
                        "name": "div",
                        "namespace": "http://www.w3.org/1999/xhtml",
                        "next": null,
                        "parent": [Circular],
                        "prev": null,
                        "type": "tag",
                        "x-attribsNamespace": Object {
                          "class": undefined,
                        },
                        "x-attribsPrefix": Object {
                          "class": undefined,
                        },
                      },
                    ],
                    "name": "div",
                    "namespace": "http://www.w3.org/1999/xhtml",
                    "next": null,
                    "parent": [Circular],
                    "prev": null,
                    "type": "tag",
                    "x-attribsNamespace": Object {},
                    "x-attribsPrefix": Object {},
                  },
                ],
                "name": "div",
                "namespace": "http://www.w3.org/1999/xhtml",
                "next": Node {
                  "attribs": Object {
                    "class": "class",
                  },
                  "children": Array [
                    Node {
                      "attribs": Object {
                        "class": "class",
                      },
                      "children": Array [],
                      "name": "div",
                      "namespace": "http://www.w3.org/1999/xhtml",
                      "next": null,
                      "parent": [Circular],
                      "prev": null,
                      "type": "tag",
                      "x-attribsNamespace": Object {
                        "class": undefined,
                      },
                      "x-attribsPrefix": Object {
                        "class": undefined,
                      },
                    },
                  ],
                  "name": "div",
                  "namespace": "http://www.w3.org/1999/xhtml",
                  "next": Node {
                    "attribs": Object {},
                    "children": Array [],
                    "name": "div",
                    "namespace": "http://www.w3.org/1999/xhtml",
                    "next": null,
                    "parent": [Circular],
                    "prev": [Circular],
                    "type": "tag",
                    "x-attribsNamespace": Object {},
                    "x-attribsPrefix": Object {},
                  },
                  "parent": [Circular],
                  "prev": [Circular],
                  "type": "tag",
                  "x-attribsNamespace": Object {
                    "class": undefined,
                  },
                  "x-attribsPrefix": Object {
                    "class": undefined,
                  },
                },
                "parent": [Circular],
                "prev": null,
                "type": "tag",
                "x-attribsNamespace": Object {},
                "x-attribsPrefix": Object {},
              },
              Node {
                "attribs": Object {
                  "class": "class",
                },
                "children": Array [
                  Node {
                    "attribs": Object {
                      "class": "class",
                    },
                    "children": Array [],
                    "name": "div",
                    "namespace": "http://www.w3.org/1999/xhtml",
                    "next": null,
                    "parent": [Circular],
                    "prev": null,
                    "type": "tag",
                    "x-attribsNamespace": Object {
                      "class": undefined,
                    },
                    "x-attribsPrefix": Object {
                      "class": undefined,
                    },
                  },
                ],
                "name": "div",
                "namespace": "http://www.w3.org/1999/xhtml",
                "next": Node {
                  "attribs": Object {},
                  "children": Array [],
                  "name": "div",
                  "namespace": "http://www.w3.org/1999/xhtml",
                  "next": null,
                  "parent": [Circular],
                  "prev": [Circular],
                  "type": "tag",
                  "x-attribsNamespace": Object {},
                  "x-attribsPrefix": Object {},
                },
                "parent": [Circular],
                "prev": Node {
                  "attribs": Object {},
                  "children": Array [
                    Node {
                      "attribs": Object {},
                      "children": Array [
                        Node {
                          "attribs": Object {
                            "class": "class",
                          },
                          "children": Array [
                            Node {
                              "data": "store2012660-RECEIPT-ID01/01/197033000641E90GLDEN",
                              "next": null,
                              "parent": [Circular],
                              "prev": null,
                              "type": "text",
                            },
                          ],
                          "name": "div",
                          "namespace": "http://www.w3.org/1999/xhtml",
                          "next": null,
                          "parent": [Circular],
                          "prev": null,
                          "type": "tag",
                          "x-attribsNamespace": Object {
                            "class": undefined,
                          },
                          "x-attribsPrefix": Object {
                            "class": undefined,
                          },
                        },
                      ],
                      "name": "div",
                      "namespace": "http://www.w3.org/1999/xhtml",
                      "next": null,
                      "parent": [Circular],
                      "prev": null,
                      "type": "tag",
                      "x-attribsNamespace": Object {},
                      "x-attribsPrefix": Object {},
                    },
                  ],
                  "name": "div",
                  "namespace": "http://www.w3.org/1999/xhtml",
                  "next": [Circular],
                  "parent": [Circular],
                  "prev": null,
                  "type": "tag",
                  "x-attribsNamespace": Object {},
                  "x-attribsPrefix": Object {},
                },
                "type": "tag",
                "x-attribsNamespace": Object {
                  "class": undefined,
                },
                "x-attribsPrefix": Object {
                  "class": undefined,
                },
              },
              Node {
                "attribs": Object {},
                "children": Array [],
                "name": "div",
                "namespace": "http://www.w3.org/1999/xhtml",
                "next": null,
                "parent": [Circular],
                "prev": Node {
                  "attribs": Object {
                    "class": "class",
                  },
                  "children": Array [
                    Node {
                      "attribs": Object {
                        "class": "class",
                      },
                      "children": Array [],
                      "name": "div",
                      "namespace": "http://www.w3.org/1999/xhtml",
                      "next": null,
                      "parent": [Circular],
                      "prev": null,
                      "type": "tag",
                      "x-attribsNamespace": Object {
                        "class": undefined,
                      },
                      "x-attribsPrefix": Object {
                        "class": undefined,
                      },
                    },
                  ],
                  "name": "div",
                  "namespace": "http://www.w3.org/1999/xhtml",
                  "next": [Circular],
                  "parent": [Circular],
                  "prev": Node {
                    "attribs": Object {},
                    "children": Array [
                      Node {
                        "attribs": Object {},
                        "children": Array [
                          Node {
                            "attribs": Object {
                              "class": "class",
                            },
                            "children": Array [
                              Node {
                                "data": "store2012660-RECEIPT-ID01/01/197033000641E90GLDEN",
                                "next": null,
                                "parent": [Circular],
                                "prev": null,
                                "type": "text",
                              },
                            ],
                            "name": "div",
                            "namespace": "http://www.w3.org/1999/xhtml",
                            "next": null,
                            "parent": [Circular],
                            "prev": null,
                            "type": "tag",
                            "x-attribsNamespace": Object {
                              "class": undefined,
                            },
                            "x-attribsPrefix": Object {
                              "class": undefined,
                            },
                          },
                        ],
                        "name": "div",
                        "namespace": "http://www.w3.org/1999/xhtml",
                        "next": null,
                        "parent": [Circular],
                        "prev": null,
                        "type": "tag",
                        "x-attribsNamespace": Object {},
                        "x-attribsPrefix": Object {},
                      },
                    ],
                    "name": "div",
                    "namespace": "http://www.w3.org/1999/xhtml",
                    "next": [Circular],
                    "parent": [Circular],
                    "prev": null,
                    "type": "tag",
                    "x-attribsNamespace": Object {},
                    "x-attribsPrefix": Object {},
                  },
                  "type": "tag",
                  "x-attribsNamespace": Object {
                    "class": undefined,
                  },
                  "x-attribsPrefix": Object {
                    "class": undefined,
                  },
                },
                "type": "tag",
                "x-attribsNamespace": Object {},
                "x-attribsPrefix": Object {},
              },
            ],
            "name": "div",
            "namespace": "http://www.w3.org/1999/xhtml",
            "next": null,
            "parent": [Circular],
            "prev": null,
            "type": "tag",
            "x-attribsNamespace": Object {
              "class": undefined,
            },
            "x-attribsPrefix": Object {
              "class": undefined,
            },
          },
        ],
        "name": "div",
        "namespace": "http://www.w3.org/1999/xhtml",
        "next": null,
        "parent": [Circular],
        "prev": Node {
          "data": "alert",
          "next": [Circular],
          "parent": [Circular],
          "prev": Node {
            "attribs": Object {
              "class": "xyz",
            },
            "children": Array [
              Node {
                "data": "<h1>heading</h1>",
                "next": null,
                "parent": [Circular],
                "prev": null,
                "type": "text",
              },
            ],
            "name": "div",
            "namespace": "http://www.w3.org/1999/xhtml",
            "next": [Circular],
            "parent": [Circular],
            "prev": null,
            "type": "tag",
            "x-attribsNamespace": Object {
              "class": undefined,
            },
            "x-attribsPrefix": Object {
              "class": undefined,
            },
          },
          "type": "text",
        },
        "type": "tag",
        "x-attribsNamespace": Object {
          "class": undefined,
        },
        "x-attribsPrefix": Object {
          "class": undefined,
        },
      },
    ],
    "name": "div",
    "namespace": "http://www.w3.org/1999/xhtml",
    "next": null,
    "parent": Node {
      "children": Array [
        [Circular],
      ],
      "name": "root",
      "next": null,
      "parent": null,
      "prev": null,
      "type": "root",
    },
    "prev": null,
    "type": "tag",
    "x-attribsNamespace": Object {
      "class": undefined,
      "id": undefined,
    },
    "x-attribsPrefix": Object {
      "class": undefined,
      "id": undefined,
    },
  },
  "_root": [Circular],
  "length": 1,
  "options": Object {
    "decodeEntities": true,
    "xml": false,
  },
}
`;
